[2026-09-21 05:19:26] GetWirelessMouseOnline 0x03
[2026-09-21 05:19:26] 0x03: True
[2026-09-21 05:19:26] DownLoadData 0x01 a6 55 c8 ec
[2026-09-21 05:19:26] 0x01 ok
[2026-09-21 05:19:26] GetBatteryLevel 0x04
[2026-09-21 05:19:26]  95%, 4.143V, ChargeFlag=1
[2026-09-21 05:19:26] ______________________________
[2026-09-21 05:19:33] GetWirelessMouseOnline 0x03
[2026-09-21 05:19:33] 0x03: True
[2026-09-21 05:19:33] DownLoadData 0x01 8b 6b 78 b8
[2026-09-21 05:19:33] 0x01 ok
[2026-09-21 05:19:33] GetBatteryLevel 0x04
[2026-09-21 05:19:33]  95%, 4.143V, ChargeFlag=1
[2026-09-21 05:19:33] ______________________________
[2026-09-21 05:23:33] GetWirelessMouseOnline 0x03
[2026-09-21 05:23:33] 0x03: True
[2026-09-21 05:23:33] DownLoadData 0x01 26 8b e2 cc
[2026-09-21 05:23:33] 0x01 ok
[2026-09-21 05:23:33] GetBatteryLevel 0x04
[2026-09-21 05:23:33]  95%, 4.193V, ChargeFlag=1
[2026-09-21 05:23:33] ______________________________
